<?xml version="1.0" encoding="ISO-8859-1" ?>
<link_info>
   <banner>MSP430 Linker Unix v18.12.1.LTS</banner>
   <copyright>Copyright (c) 2003-2018 Texas Instruments Incorporated</copyright>
   <link_time>0x5f30770d</link_time>
   <link_errors>0x0</link_errors>
   <output_file>HOPPER_CONTROLLER.out</output_file>
   <entry_point>
      <name>_c_int00_noargs</name>
      <address>0xfb68</address>
   </entry_point>
   <input_file_list>
      <input_file id="fl-1">
         <path>./</path>
         <kind>object</kind>
         <file>main.obj</file>
         <name>main.obj</name>
      </input_file>
      <input_file id="fl-2">
         <path>./</path>
         <kind>object</kind>
         <file>serial.obj</file>
         <name>serial.obj</name>
      </input_file>
      <input_file id="fl-3">
         <path>./</path>
         <kind>object</kind>
         <file>timer.obj</file>
         <name>timer.obj</name>
      </input_file>
      <input_file id="fl-8">
         <kind>object</kind>
         <file>&lt;internal&gt;</file>
         <name>&lt;internal&gt;</name>
      </input_file>
      <input_file id="fl-1e">
         <path>/Applications/ti/ccs901/ccs/tools/compiler/ti-cgt-msp430_18.12.1.LTS/lib/</path>
         <kind>archive</kind>
         <file>rts430_eabi.lib</file>
         <name>epilog.asm.obj</name>
      </input_file>
      <input_file id="fl-1f">
         <path>/Applications/ti/ccs901/ccs/tools/compiler/ti-cgt-msp430_18.12.1.LTS/lib/</path>
         <kind>archive</kind>
         <file>rts430_eabi.lib</file>
         <name>int03.asm.obj</name>
      </input_file>
      <input_file id="fl-20">
         <path>/Applications/ti/ccs901/ccs/tools/compiler/ti-cgt-msp430_18.12.1.LTS/lib/</path>
         <kind>archive</kind>
         <file>rts430_eabi.lib</file>
         <name>int04.asm.obj</name>
      </input_file>
      <input_file id="fl-21">
         <path>/Applications/ti/ccs901/ccs/tools/compiler/ti-cgt-msp430_18.12.1.LTS/lib/</path>
         <kind>archive</kind>
         <file>rts430_eabi.lib</file>
         <name>int05.asm.obj</name>
      </input_file>
      <input_file id="fl-22">
         <path>/Applications/ti/ccs901/ccs/tools/compiler/ti-cgt-msp430_18.12.1.LTS/lib/</path>
         <kind>archive</kind>
         <file>rts430_eabi.lib</file>
         <name>int08.asm.obj</name>
      </input_file>
      <input_file id="fl-23">
         <path>/Applications/ti/ccs901/ccs/tools/compiler/ti-cgt-msp430_18.12.1.LTS/lib/</path>
         <kind>archive</kind>
         <file>rts430_eabi.lib</file>
         <name>int09.asm.obj</name>
      </input_file>
      <input_file id="fl-24">
         <path>/Applications/ti/ccs901/ccs/tools/compiler/ti-cgt-msp430_18.12.1.LTS/lib/</path>
         <kind>archive</kind>
         <file>rts430_eabi.lib</file>
         <name>int14.asm.obj</name>
      </input_file>
      <input_file id="fl-25">
         <path>/Applications/ti/ccs901/ccs/tools/compiler/ti-cgt-msp430_18.12.1.LTS/lib/</path>
         <kind>archive</kind>
         <file>rts430_eabi.lib</file>
         <name>isr_trap.asm.obj</name>
      </input_file>
      <input_file id="fl-26">
         <path>/Applications/ti/ccs901/ccs/tools/compiler/ti-cgt-msp430_18.12.1.LTS/lib/</path>
         <kind>archive</kind>
         <file>rts430_eabi.lib</file>
         <name>boot.c.obj</name>
      </input_file>
      <input_file id="fl-27">
         <path>/Applications/ti/ccs901/ccs/tools/compiler/ti-cgt-msp430_18.12.1.LTS/lib/</path>
         <kind>archive</kind>
         <file>rts430_eabi.lib</file>
         <name>autoinit.c.obj</name>
      </input_file>
      <input_file id="fl-28">
         <path>/Applications/ti/ccs901/ccs/tools/compiler/ti-cgt-msp430_18.12.1.LTS/lib/</path>
         <kind>archive</kind>
         <file>rts430_eabi.lib</file>
         <name>copy_zero_init.c.obj</name>
      </input_file>
      <input_file id="fl-29">
         <path>/Applications/ti/ccs901/ccs/tools/compiler/ti-cgt-msp430_18.12.1.LTS/lib/</path>
         <kind>archive</kind>
         <file>rts430_eabi.lib</file>
         <name>cpy_tbl.c.obj</name>
      </input_file>
      <input_file id="fl-2a">
         <path>/Applications/ti/ccs901/ccs/tools/compiler/ti-cgt-msp430_18.12.1.LTS/lib/</path>
         <kind>archive</kind>
         <file>rts430_eabi.lib</file>
         <name>mpu_init.c.obj</name>
      </input_file>
      <input_file id="fl-2b">
         <path>/Applications/ti/ccs901/ccs/tools/compiler/ti-cgt-msp430_18.12.1.LTS/lib/</path>
         <kind>archive</kind>
         <file>rts430_eabi.lib</file>
         <name>pre_init.c.obj</name>
      </input_file>
      <input_file id="fl-2c">
         <path>/Applications/ti/ccs901/ccs/tools/compiler/ti-cgt-msp430_18.12.1.LTS/lib/</path>
         <kind>archive</kind>
         <file>rts430_eabi.lib</file>
         <name>startup.c.obj</name>
      </input_file>
      <input_file id="fl-2d">
         <path>/Applications/ti/ccs901/ccs/tools/compiler/ti-cgt-msp430_18.12.1.LTS/lib/</path>
         <kind>archive</kind>
         <file>rts430_eabi.lib</file>
         <name>copy_decompress_none.c.obj</name>
      </input_file>
      <input_file id="fl-2e">
         <path>/Applications/ti/ccs901/ccs/tools/compiler/ti-cgt-msp430_18.12.1.LTS/lib/</path>
         <kind>archive</kind>
         <file>rts430_eabi.lib</file>
         <name>copy_decompress_lzss.c.obj</name>
      </input_file>
      <input_file id="fl-2f">
         <path>/Applications/ti/ccs901/ccs/tools/compiler/ti-cgt-msp430_18.12.1.LTS/lib/</path>
         <kind>archive</kind>
         <file>rts430_eabi.lib</file>
         <name>exit.c.obj</name>
      </input_file>
      <input_file id="fl-30">
         <path>/Applications/ti/ccs901/ccs/tools/compiler/ti-cgt-msp430_18.12.1.LTS/lib/</path>
         <kind>archive</kind>
         <file>rts430_eabi.lib</file>
         <name>_lock.c.obj</name>
      </input_file>
      <input_file id="fl-31">
         <path>/Applications/ti/ccs901/ccs/tools/compiler/ti-cgt-msp430_18.12.1.LTS/lib/</path>
         <kind>archive</kind>
         <file>rts430_eabi.lib</file>
         <name>args_main.c.obj</name>
      </input_file>
      <input_file id="fl-32">
         <path>/Applications/ti/ccs901/ccs/tools/compiler/ti-cgt-msp430_18.12.1.LTS/lib/</path>
         <kind>archive</kind>
         <file>rts430_eabi.lib</file>
         <name>memcpy.c.obj</name>
      </input_file>
      <input_file id="fl-33">
         <path>/Applications/ti/ccs901/ccs/tools/compiler/ti-cgt-msp430_18.12.1.LTS/lib/</path>
         <kind>archive</kind>
         <file>rts430_eabi.lib</file>
         <name>lsl16.asm.obj</name>
      </input_file>
      <input_file id="fl-34">
         <path>/Applications/ti/ccs901/ccs/tools/compiler/ti-cgt-msp430_18.12.1.LTS/lib/</path>
         <kind>archive</kind>
         <file>rts430_eabi.lib</file>
         <name>lsr16.asm.obj</name>
      </input_file>
      <input_file id="fl-35">
         <path>/Applications/ti/ccs901/ccs/tools/compiler/ti-cgt-msp430_18.12.1.LTS/lib/</path>
         <kind>archive</kind>
         <file>rts430_eabi.lib</file>
         <name>mult16.asm.obj</name>
      </input_file>
      <input_file id="fl-36">
         <path>/Applications/ti/ccs901/ccs/tools/compiler/ti-cgt-msp430_18.12.1.LTS/lib/</path>
         <kind>archive</kind>
         <file>rts430_eabi.lib</file>
         <name>exit_gvars.c.obj</name>
      </input_file>
   </input_file_list>
   <object_component_list>
      <object_component id="oc-111">
         <name>.common:rxbuf</name>
         <uninitialized>true</uninitialized>
         <run_address>0x200</run_address>
         <size>0xa</size>
      </object_component>
      <object_component id="oc-181">
         <name>.common:calc_crc</name>
         <uninitialized>true</uninitialized>
         <run_address>0x20c</run_address>
         <size>0x2</size>
      </object_component>
      <object_component id="oc-15b">
         <name>.common:TIMERCOUNT</name>
         <uninitialized>true</uninitialized>
         <run_address>0x20a</run_address>
         <size>0x2</size>
      </object_component>
      <object_component id="oc-10e">
         <name>.data</name>
         <load_address>0x20e</load_address>
         <run_address>0x20e</run_address>
         <size>0x1</size>
         <input_file_ref idref="fl-1"/>
      </object_component>
      <object_component id="oc-77">
         <name>.stack</name>
         <uninitialized>true</uninitialized>
         <run_address>0x250</run_address>
         <size>0x2</size>
         <input_file_ref idref="fl-26"/>
      </object_component>
      <object_component id="oc-283">
         <name>.stack</name>
         <uninitialized>true</uninitialized>
         <run_address>0x250</run_address>
         <size>0x0</size>
      </object_component>
      <object_component id="oc-12b">
         <name>.text:main</name>
         <load_address>0xf800</load_address>
         <run_address>0xf800</run_address>
         <size>0xe8</size>
         <input_file_ref idref="fl-1"/>
      </object_component>
      <object_component id="oc-2e">
         <name>.text:decompress:lzss:__TI_decompress_lzss</name>
         <load_address>0xf8e8</load_address>
         <run_address>0xf8e8</run_address>
         <size>0x7c</size>
         <input_file_ref idref="fl-2e"/>
      </object_component>
      <object_component id="oc-108">
         <name>.text:RxByte</name>
         <load_address>0xf964</load_address>
         <run_address>0xf964</run_address>
         <size>0x56</size>
         <input_file_ref idref="fl-2"/>
      </object_component>
      <object_component id="oc-175">
         <name>.text:TxByte</name>
         <load_address>0xf9ba</load_address>
         <run_address>0xf9ba</run_address>
         <size>0x50</size>
         <input_file_ref idref="fl-2"/>
      </object_component>
      <object_component id="oc-80">
         <name>.text</name>
         <load_address>0xfa0a</load_address>
         <run_address>0xfa0a</run_address>
         <size>0x4c</size>
         <input_file_ref idref="fl-34"/>
      </object_component>
      <object_component id="oc-18f">
         <name>.text:__TI_auto_init_nobinit_nopinit:__TI_auto_init_nobinit_nopinit</name>
         <load_address>0xfa56</load_address>
         <run_address>0xfa56</run_address>
         <size>0x42</size>
         <input_file_ref idref="fl-27"/>
      </object_component>
      <object_component id="oc-a2">
         <name>.text:Port_1</name>
         <load_address>0xfa98</load_address>
         <run_address>0xfa98</run_address>
         <size>0x32</size>
         <input_file_ref idref="fl-1"/>
      </object_component>
      <object_component id="oc-7b">
         <name>.text</name>
         <load_address>0xfaca</load_address>
         <run_address>0xfaca</run_address>
         <size>0x2c</size>
         <input_file_ref idref="fl-33"/>
      </object_component>
      <object_component id="oc-1ca">
         <name>.text:crc16</name>
         <load_address>0xfaf6</load_address>
         <run_address>0xfaf6</run_address>
         <size>0x2a</size>
         <input_file_ref idref="fl-2"/>
      </object_component>
      <object_component id="oc-17b">
         <name>.text:CalcCRC</name>
         <load_address>0xfb20</load_address>
         <run_address>0xfb20</run_address>
         <size>0x24</size>
         <input_file_ref idref="fl-2"/>
      </object_component>
      <object_component id="oc-16f">
         <name>.text:TxString</name>
         <load_address>0xfb44</load_address>
         <run_address>0xfb44</run_address>
         <size>0x24</size>
         <input_file_ref idref="fl-2"/>
      </object_component>
      <object_component id="oc-c5">
         <name>.text:_c_int00_noargs</name>
         <load_address>0xfb68</load_address>
         <run_address>0xfb68</run_address>
         <size>0x1c</size>
         <input_file_ref idref="fl-26"/>
      </object_component>
      <object_component id="oc-ad">
         <name>.text:watchdog_timer</name>
         <load_address>0xfb84</load_address>
         <run_address>0xfb84</run_address>
         <size>0x1a</size>
         <input_file_ref idref="fl-1"/>
      </object_component>
      <object_component id="oc-150">
         <name>.text:SerialTxTime</name>
         <load_address>0xfb9e</load_address>
         <run_address>0xfb9e</run_address>
         <size>0x14</size>
         <input_file_ref idref="fl-2"/>
      </object_component>
      <object_component id="oc-b3">
         <name>.text:decompress:ZI:__TI_zero_init_nomemset:__TI_zero_init_nomemset</name>
         <load_address>0xfbb2</load_address>
         <run_address>0xfbb2</run_address>
         <size>0x14</size>
         <input_file_ref idref="fl-28"/>
      </object_component>
      <object_component id="oc-34">
         <name>.text:decompress:none:__TI_decompress_none</name>
         <load_address>0xfbc6</load_address>
         <run_address>0xfbc6</run_address>
         <size>0x12</size>
         <input_file_ref idref="fl-2d"/>
      </object_component>
      <object_component id="oc-95">
         <name>.text:memcpy</name>
         <load_address>0xfbd8</load_address>
         <run_address>0xfbd8</run_address>
         <size>0x12</size>
         <input_file_ref idref="fl-32"/>
      </object_component>
      <object_component id="oc-85">
         <name>.text</name>
         <load_address>0xfbea</load_address>
         <run_address>0xfbea</run_address>
         <size>0x10</size>
         <input_file_ref idref="fl-1e"/>
      </object_component>
      <object_component id="oc-168">
         <name>.text:Delay</name>
         <load_address>0xfbfa</load_address>
         <run_address>0xfbfa</run_address>
         <size>0xe</size>
         <input_file_ref idref="fl-3"/>
      </object_component>
      <object_component id="oc-a8">
         <name>.text:_isr:__TI_ISR_TRAP</name>
         <load_address>0xfc08</load_address>
         <run_address>0xfc08</run_address>
         <size>0x8</size>
         <input_file_ref idref="fl-25"/>
      </object_component>
      <object_component id="oc-116">
         <name>.text:CallInISR</name>
         <load_address>0xfc10</load_address>
         <run_address>0xfc10</run_address>
         <size>0x6</size>
         <input_file_ref idref="fl-3"/>
      </object_component>
      <object_component id="oc-162">
         <name>.text:InitTimerSystem</name>
         <load_address>0xfc16</load_address>
         <run_address>0xfc16</run_address>
         <size>0x6</size>
         <input_file_ref idref="fl-3"/>
      </object_component>
      <object_component id="oc-183">
         <name>.text:abort</name>
         <load_address>0xfc1c</load_address>
         <run_address>0xfc1c</run_address>
         <size>0x6</size>
         <input_file_ref idref="fl-2f"/>
      </object_component>
      <object_component id="oc-125">
         <name>.text:_system_pre_init</name>
         <load_address>0xfc22</load_address>
         <run_address>0xfc22</run_address>
         <size>0x4</size>
         <input_file_ref idref="fl-2b"/>
      </object_component>
      <object_component id="oc-1e3">
         <name>.text:_system_post_cinit</name>
         <load_address>0xfc26</load_address>
         <run_address>0xfc26</run_address>
         <size>0x2</size>
         <input_file_ref idref="fl-2c"/>
      </object_component>
      <object_component id="oc-27f">
         <name>__TI_handler_table</name>
         <load_address>0xfc66</load_address>
         <run_address>0xfc66</run_address>
         <size>0x6</size>
      </object_component>
      <object_component id="oc-282">
         <name>.cinit..data.load</name>
         <load_address>0xfc6c</load_address>
         <run_address>0xfc6c</run_address>
         <size>0x5</size>
      </object_component>
      <object_component id="oc-281">
         <name>.cinit..bss.load</name>
         <load_address>0xfc72</load_address>
         <run_address>0xfc72</run_address>
         <size>0x4</size>
      </object_component>
      <object_component id="oc-280">
         <name>__TI_cinit_table</name>
         <load_address>0xfc76</load_address>
         <run_address>0xfc76</run_address>
         <size>0x8</size>
      </object_component>
      <object_component id="oc-16e">
         <name>.const:.string</name>
         <load_address>0xfc28</load_address>
         <run_address>0xfc28</run_address>
         <size>0x3e</size>
         <input_file_ref idref="fl-1"/>
      </object_component>
      <object_component id="oc-242">
         <name>.binit</name>
         <load_address>0xf800</load_address>
         <run_address>0xf800</run_address>
         <size>0x0</size>
      </object_component>
      <object_component id="oc-3a">
         <name>.int02</name>
         <load_address>0xffe4</load_address>
         <run_address>0xffe4</run_address>
         <size>0x2</size>
         <input_file_ref idref="fl-1"/>
      </object_component>
      <object_component id="oc-3b">
         <name>.int03</name>
         <load_address>0xffe6</load_address>
         <run_address>0xffe6</run_address>
         <size>0x2</size>
         <input_file_ref idref="fl-1f"/>
      </object_component>
      <object_component id="oc-3c">
         <name>.int04</name>
         <load_address>0xffe8</load_address>
         <run_address>0xffe8</run_address>
         <size>0x2</size>
         <input_file_ref idref="fl-20"/>
      </object_component>
      <object_component id="oc-3d">
         <name>.int05</name>
         <load_address>0xffea</load_address>
         <run_address>0xffea</run_address>
         <size>0x2</size>
         <input_file_ref idref="fl-21"/>
      </object_component>
      <object_component id="oc-3e">
         <name>.int08</name>
         <load_address>0xfff0</load_address>
         <run_address>0xfff0</run_address>
         <size>0x2</size>
         <input_file_ref idref="fl-22"/>
      </object_component>
      <object_component id="oc-3f">
         <name>.int09</name>
         <load_address>0xfff2</load_address>
         <run_address>0xfff2</run_address>
         <size>0x2</size>
         <input_file_ref idref="fl-23"/>
      </object_component>
      <object_component id="oc-40">
         <name>.int10</name>
         <load_address>0xfff4</load_address>
         <run_address>0xfff4</run_address>
         <size>0x2</size>
         <input_file_ref idref="fl-1"/>
      </object_component>
      <object_component id="oc-41">
         <name>.int14</name>
         <load_address>0xfffc</load_address>
         <run_address>0xfffc</run_address>
         <size>0x2</size>
         <input_file_ref idref="fl-24"/>
      </object_component>
      <object_component id="oc-7a">
         <name>.reset</name>
         <load_address>0xfffe</load_address>
         <run_address>0xfffe</run_address>
         <size>0x2</size>
         <input_file_ref idref="fl-26"/>
      </object_component>
      <object_component id="oc-112">
         <name>.debug_info</name>
         <load_address>0x0</load_address>
         <run_address>0x0</run_address>
         <size>0x43f</size>
         <input_file_ref idref="fl-1"/>
      </object_component>
      <object_component id="oc-10f">
         <name>.debug_info</name>
         <load_address>0x43f</load_address>
         <run_address>0x43f</run_address>
         <size>0xd6</size>
         <input_file_ref idref="fl-1"/>
      </object_component>
      <object_component id="oc-ae">
         <name>.debug_info</name>
         <load_address>0x515</load_address>
         <run_address>0x515</run_address>
         <size>0x11d</size>
         <input_file_ref idref="fl-1"/>
      </object_component>
      <object_component id="oc-12c">
         <name>.debug_info</name>
         <load_address>0x632</load_address>
         <run_address>0x632</run_address>
         <size>0x182</size>
         <input_file_ref idref="fl-1"/>
      </object_component>
      <object_component id="oc-a3">
         <name>.debug_info</name>
         <load_address>0x7b4</load_address>
         <run_address>0x7b4</run_address>
         <size>0x10a</size>
         <input_file_ref idref="fl-1"/>
      </object_component>
      <object_component id="oc-90">
         <name>.debug_info</name>
         <load_address>0x8be</load_address>
         <run_address>0x8be</run_address>
         <size>0x84</size>
         <input_file_ref idref="fl-1"/>
      </object_component>
      <object_component id="oc-1c8">
         <name>.debug_info</name>
         <load_address>0x942</load_address>
         <run_address>0x942</run_address>
         <size>0x1d1</size>
         <input_file_ref idref="fl-2"/>
      </object_component>
      <object_component id="oc-1cb">
         <name>.debug_info</name>
         <load_address>0xb13</load_address>
         <run_address>0xb13</run_address>
         <size>0x16f</size>
         <input_file_ref idref="fl-2"/>
      </object_component>
      <object_component id="oc-151">
         <name>.debug_info</name>
         <load_address>0xc82</load_address>
         <run_address>0xc82</run_address>
         <size>0x13f</size>
         <input_file_ref idref="fl-2"/>
      </object_component>
      <object_component id="oc-176">
         <name>.debug_info</name>
         <load_address>0xdc1</load_address>
         <run_address>0xdc1</run_address>
         <size>0x181</size>
         <input_file_ref idref="fl-2"/>
      </object_component>
      <object_component id="oc-170">
         <name>.debug_info</name>
         <load_address>0xf42</load_address>
         <run_address>0xf42</run_address>
         <size>0x156</size>
         <input_file_ref idref="fl-2"/>
      </object_component>
      <object_component id="oc-109">
         <name>.debug_info</name>
         <load_address>0x1098</load_address>
         <run_address>0x1098</run_address>
         <size>0x193</size>
         <input_file_ref idref="fl-2"/>
      </object_component>
      <object_component id="oc-17c">
         <name>.debug_info</name>
         <load_address>0x122b</load_address>
         <run_address>0x122b</run_address>
         <size>0x172</size>
         <input_file_ref idref="fl-2"/>
      </object_component>
      <object_component id="oc-15c">
         <name>.debug_info</name>
         <load_address>0x139d</load_address>
         <run_address>0x139d</run_address>
         <size>0x16a</size>
         <input_file_ref idref="fl-3"/>
      </object_component>
      <object_component id="oc-163">
         <name>.debug_info</name>
         <load_address>0x1507</load_address>
         <run_address>0x1507</run_address>
         <size>0x111</size>
         <input_file_ref idref="fl-3"/>
      </object_component>
      <object_component id="oc-169">
         <name>.debug_info</name>
         <load_address>0x1618</load_address>
         <run_address>0x1618</run_address>
         <size>0x12d</size>
         <input_file_ref idref="fl-3"/>
      </object_component>
      <object_component id="oc-117">
         <name>.debug_info</name>
         <load_address>0x1745</load_address>
         <run_address>0x1745</run_address>
         <size>0x105</size>
         <input_file_ref idref="fl-3"/>
      </object_component>
      <object_component id="oc-86">
         <name>.debug_info</name>
         <load_address>0x184a</load_address>
         <run_address>0x184a</run_address>
         <size>0x132</size>
         <input_file_ref idref="fl-1e"/>
      </object_component>
      <object_component id="oc-a9">
         <name>.debug_info</name>
         <load_address>0x197c</load_address>
         <run_address>0x197c</run_address>
         <size>0x113</size>
         <input_file_ref idref="fl-25"/>
      </object_component>
      <object_component id="oc-78">
         <name>.debug_info</name>
         <load_address>0x1a8f</load_address>
         <run_address>0x1a8f</run_address>
         <size>0x104</size>
         <input_file_ref idref="fl-26"/>
      </object_component>
      <object_component id="oc-c6">
         <name>.debug_info</name>
         <load_address>0x1b93</load_address>
         <run_address>0x1b93</run_address>
         <size>0x17e</size>
         <input_file_ref idref="fl-26"/>
      </object_component>
      <object_component id="oc-1ea">
         <name>.debug_info</name>
         <load_address>0x1d11</load_address>
         <run_address>0x1d11</run_address>
         <size>0x3e2</size>
         <input_file_ref idref="fl-27"/>
      </object_component>
      <object_component id="oc-190">
         <name>.debug_info</name>
         <load_address>0x20f3</load_address>
         <run_address>0x20f3</run_address>
         <size>0x1e4</size>
         <input_file_ref idref="fl-27"/>
      </object_component>
      <object_component id="oc-21e">
         <name>.debug_info</name>
         <load_address>0x22d7</load_address>
         <run_address>0x22d7</run_address>
         <size>0x39</size>
         <input_file_ref idref="fl-27"/>
      </object_component>
      <object_component id="oc-22f">
         <name>.debug_info</name>
         <load_address>0x2310</load_address>
         <run_address>0x2310</run_address>
         <size>0x2c</size>
         <input_file_ref idref="fl-27"/>
      </object_component>
      <object_component id="oc-1f5">
         <name>.debug_info</name>
         <load_address>0x233c</load_address>
         <run_address>0x233c</run_address>
         <size>0x2c</size>
         <input_file_ref idref="fl-27"/>
      </object_component>
      <object_component id="oc-223">
         <name>.debug_info</name>
         <load_address>0x2368</load_address>
         <run_address>0x2368</run_address>
         <size>0xcd</size>
         <input_file_ref idref="fl-27"/>
      </object_component>
      <object_component id="oc-123">
         <name>.debug_info</name>
         <load_address>0x2435</load_address>
         <run_address>0x2435</run_address>
         <size>0x179</size>
         <input_file_ref idref="fl-28"/>
      </object_component>
      <object_component id="oc-b4">
         <name>.debug_info</name>
         <load_address>0x25ae</load_address>
         <run_address>0x25ae</run_address>
         <size>0x1d6</size>
         <input_file_ref idref="fl-28"/>
      </object_component>
      <object_component id="oc-11e">
         <name>.debug_info</name>
         <load_address>0x2784</load_address>
         <run_address>0x2784</run_address>
         <size>0x46</size>
         <input_file_ref idref="fl-28"/>
      </object_component>
      <object_component id="oc-fc">
         <name>.debug_info</name>
         <load_address>0x27ca</load_address>
         <run_address>0x27ca</run_address>
         <size>0x2c</size>
         <input_file_ref idref="fl-28"/>
      </object_component>
      <object_component id="oc-126">
         <name>.debug_info</name>
         <load_address>0x27f6</load_address>
         <run_address>0x27f6</run_address>
         <size>0x157</size>
         <input_file_ref idref="fl-2b"/>
      </object_component>
      <object_component id="oc-1e4">
         <name>.debug_info</name>
         <load_address>0x294d</load_address>
         <run_address>0x294d</run_address>
         <size>0x154</size>
         <input_file_ref idref="fl-2c"/>
      </object_component>
      <object_component id="oc-a1">
         <name>.debug_info</name>
         <load_address>0x2aa1</load_address>
         <run_address>0x2aa1</run_address>
         <size>0x184</size>
         <input_file_ref idref="fl-2d"/>
      </object_component>
      <object_component id="oc-35">
         <name>.debug_info</name>
         <load_address>0x2c25</load_address>
         <run_address>0x2c25</run_address>
         <size>0x1ee</size>
         <input_file_ref idref="fl-2d"/>
      </object_component>
      <object_component id="oc-9c">
         <name>.debug_info</name>
         <load_address>0x2e13</load_address>
         <run_address>0x2e13</run_address>
         <size>0x46</size>
         <input_file_ref idref="fl-2d"/>
      </object_component>
      <object_component id="oc-101">
         <name>.debug_info</name>
         <load_address>0x2e59</load_address>
         <run_address>0x2e59</run_address>
         <size>0x2c</size>
         <input_file_ref idref="fl-2d"/>
      </object_component>
      <object_component id="oc-f9">
         <name>.debug_info</name>
         <load_address>0x2e85</load_address>
         <run_address>0x2e85</run_address>
         <size>0x17a</size>
         <input_file_ref idref="fl-2e"/>
      </object_component>
      <object_component id="oc-2f">
         <name>.debug_info</name>
         <load_address>0x2fff</load_address>
         <run_address>0x2fff</run_address>
         <size>0x296</size>
         <input_file_ref idref="fl-2e"/>
      </object_component>
      <object_component id="oc-8b">
         <name>.debug_info</name>
         <load_address>0x3295</load_address>
         <run_address>0x3295</run_address>
         <size>0x60</size>
         <input_file_ref idref="fl-2e"/>
      </object_component>
      <object_component id="oc-147">
         <name>.debug_info</name>
         <load_address>0x32f5</load_address>
         <run_address>0x32f5</run_address>
         <size>0x46</size>
         <input_file_ref idref="fl-2e"/>
      </object_component>
      <object_component id="oc-f4">
         <name>.debug_info</name>
         <load_address>0x333b</load_address>
         <run_address>0x333b</run_address>
         <size>0x39</size>
         <input_file_ref idref="fl-2e"/>
      </object_component>
      <object_component id="oc-184">
         <name>.debug_info</name>
         <load_address>0x3374</load_address>
         <run_address>0x3374</run_address>
         <size>0x126</size>
         <input_file_ref idref="fl-2f"/>
      </object_component>
      <object_component id="oc-fb">
         <name>.debug_info</name>
         <load_address>0x349a</load_address>
         <run_address>0x349a</run_address>
         <size>0x185</size>
         <input_file_ref idref="fl-32"/>
      </object_component>
      <object_component id="oc-96">
         <name>.debug_info</name>
         <load_address>0x361f</load_address>
         <run_address>0x361f</run_address>
         <size>0x17e</size>
         <input_file_ref idref="fl-32"/>
      </object_component>
      <object_component id="oc-7c">
         <name>.debug_info</name>
         <load_address>0x379d</load_address>
         <run_address>0x379d</run_address>
         <size>0x124</size>
         <input_file_ref idref="fl-33"/>
      </object_component>
      <object_component id="oc-81">
         <name>.debug_info</name>
         <load_address>0x38c1</load_address>
         <run_address>0x38c1</run_address>
         <size>0x124</size>
         <input_file_ref idref="fl-34"/>
      </object_component>
      <object_component id="oc-284">
         <name>.debug_info</name>
         <load_address>0x39e5</load_address>
         <run_address>0x39e5</run_address>
         <size>0xa5</size>
      </object_component>
      <object_component id="oc-15a">
         <name>.debug_line</name>
         <load_address>0x0</load_address>
         <run_address>0x0</run_address>
         <size>0x8f</size>
         <input_file_ref idref="fl-1"/>
      </object_component>
      <object_component id="oc-158">
         <name>.debug_line</name>
         <load_address>0x8f</load_address>
         <run_address>0x8f</run_address>
         <size>0x2d</size>
         <input_file_ref idref="fl-1"/>
      </object_component>
      <object_component id="oc-b1">
         <name>.debug_line</name>
         <load_address>0xbc</load_address>
         <run_address>0xbc</run_address>
         <size>0x43</size>
         <input_file_ref idref="fl-1"/>
      </object_component>
      <object_component id="oc-12f">
         <name>.debug_line</name>
         <load_address>0xff</load_address>
         <run_address>0xff</run_address>
         <size>0x6f</size>
         <input_file_ref idref="fl-1"/>
      </object_component>
      <object_component id="oc-a6">
         <name>.debug_line</name>
         <load_address>0x16e</load_address>
         <run_address>0x16e</run_address>
         <size>0x47</size>
         <input_file_ref idref="fl-1"/>
      </object_component>
      <object_component id="oc-93">
         <name>.debug_line</name>
         <load_address>0x1b5</load_address>
         <run_address>0x1b5</run_address>
         <size>0x20</size>
         <input_file_ref idref="fl-1"/>
      </object_component>
      <object_component id="oc-205">
         <name>.debug_line</name>
         <load_address>0x1d5</load_address>
         <run_address>0x1d5</run_address>
         <size>0x65</size>
         <input_file_ref idref="fl-2"/>
      </object_component>
      <object_component id="oc-1ce">
         <name>.debug_line</name>
         <load_address>0x23a</load_address>
         <run_address>0x23a</run_address>
         <size>0x54</size>
         <input_file_ref idref="fl-2"/>
      </object_component>
      <object_component id="oc-154">
         <name>.debug_line</name>
         <load_address>0x28e</load_address>
         <run_address>0x28e</run_address>
         <size>0x4b</size>
         <input_file_ref idref="fl-2"/>
      </object_component>
      <object_component id="oc-179">
         <name>.debug_line</name>
         <load_address>0x2d9</load_address>
         <run_address>0x2d9</run_address>
         <size>0x5e</size>
         <input_file_ref idref="fl-2"/>
      </object_component>
      <object_component id="oc-173">
         <name>.debug_line</name>
         <load_address>0x337</load_address>
         <run_address>0x337</run_address>
         <size>0x4c</size>
         <input_file_ref idref="fl-2"/>
      </object_component>
      <object_component id="oc-10c">
         <name>.debug_line</name>
         <load_address>0x383</load_address>
         <run_address>0x383</run_address>
         <size>0x67</size>
         <input_file_ref idref="fl-2"/>
      </object_component>
      <object_component id="oc-17f">
         <name>.debug_line</name>
         <load_address>0x3ea</load_address>
         <run_address>0x3ea</run_address>
         <size>0x50</size>
         <input_file_ref idref="fl-2"/>
      </object_component>
      <object_component id="oc-1c4">
         <name>.debug_line</name>
         <load_address>0x43a</load_address>
         <run_address>0x43a</run_address>
         <size>0x2e</size>
         <input_file_ref idref="fl-3"/>
      </object_component>
      <object_component id="oc-166">
         <name>.debug_line</name>
         <load_address>0x468</load_address>
         <run_address>0x468</run_address>
         <size>0x41</size>
         <input_file_ref idref="fl-3"/>
      </object_component>
      <object_component id="oc-16c">
         <name>.debug_line</name>
         <load_address>0x4a9</load_address>
         <run_address>0x4a9</run_address>
         <size>0x45</size>
         <input_file_ref idref="fl-3"/>
      </object_component>
      <object_component id="oc-11a">
         <name>.debug_line</name>
         <load_address>0x4ee</load_address>
         <run_address>0x4ee</run_address>
         <size>0x41</size>
         <input_file_ref idref="fl-3"/>
      </object_component>
      <object_component id="oc-89">
         <name>.debug_line</name>
         <load_address>0x52f</load_address>
         <run_address>0x52f</run_address>
         <size>0x40</size>
         <input_file_ref idref="fl-1e"/>
      </object_component>
      <object_component id="oc-ac">
         <name>.debug_line</name>
         <load_address>0x56f</load_address>
         <run_address>0x56f</run_address>
         <size>0x3d</size>
         <input_file_ref idref="fl-25"/>
      </object_component>
      <object_component id="oc-f0">
         <name>.debug_line</name>
         <load_address>0x5ac</load_address>
         <run_address>0x5ac</run_address>
         <size>0x2a</size>
         <input_file_ref idref="fl-26"/>
      </object_component>
      <object_component id="oc-c9">
         <name>.debug_line</name>
         <load_address>0x5d6</load_address>
         <run_address>0x5d6</run_address>
         <size>0x46</size>
         <input_file_ref idref="fl-26"/>
      </object_component>
      <object_component id="oc-21d">
         <name>.debug_line</name>
         <load_address>0x61c</load_address>
         <run_address>0x61c</run_address>
         <size>0xc2</size>
         <input_file_ref idref="fl-27"/>
      </object_component>
      <object_component id="oc-193">
         <name>.debug_line</name>
         <load_address>0x6de</load_address>
         <run_address>0x6de</run_address>
         <size>0x75</size>
         <input_file_ref idref="fl-27"/>
      </object_component>
      <object_component id="oc-221">
         <name>.debug_line</name>
         <load_address>0x753</load_address>
         <run_address>0x753</run_address>
         <size>0x2e</size>
         <input_file_ref idref="fl-27"/>
      </object_component>
      <object_component id="oc-232">
         <name>.debug_line</name>
         <load_address>0x781</load_address>
         <run_address>0x781</run_address>
         <size>0x9d</size>
         <input_file_ref idref="fl-27"/>
      </object_component>
      <object_component id="oc-1f8">
         <name>.debug_line</name>
         <load_address>0x81e</load_address>
         <run_address>0x81e</run_address>
         <size>0x9a</size>
         <input_file_ref idref="fl-27"/>
      </object_component>
      <object_component id="oc-226">
         <name>.debug_line</name>
         <load_address>0x8b8</load_address>
         <run_address>0x8b8</run_address>
         <size>0x96</size>
         <input_file_ref idref="fl-27"/>
      </object_component>
      <object_component id="oc-160">
         <name>.debug_line</name>
         <load_address>0x94e</load_address>
         <run_address>0x94e</run_address>
         <size>0x20</size>
         <input_file_ref idref="fl-28"/>
      </object_component>
      <object_component id="oc-b7">
         <name>.debug_line</name>
         <load_address>0x96e</load_address>
         <run_address>0x96e</run_address>
         <size>0x4d</size>
         <input_file_ref idref="fl-28"/>
      </object_component>
      <object_component id="oc-121">
         <name>.debug_line</name>
         <load_address>0x9bb</load_address>
         <run_address>0x9bb</run_address>
         <size>0x34</size>
         <input_file_ref idref="fl-28"/>
      </object_component>
      <object_component id="oc-ff">
         <name>.debug_line</name>
         <load_address>0x9ef</load_address>
         <run_address>0x9ef</run_address>
         <size>0x95</size>
         <input_file_ref idref="fl-28"/>
      </object_component>
      <object_component id="oc-129">
         <name>.debug_line</name>
         <load_address>0xa84</load_address>
         <run_address>0xa84</run_address>
         <size>0x3e</size>
         <input_file_ref idref="fl-2b"/>
      </object_component>
      <object_component id="oc-1e7">
         <name>.debug_line</name>
         <load_address>0xac2</load_address>
         <run_address>0xac2</run_address>
         <size>0x3a</size>
         <input_file_ref idref="fl-2c"/>
      </object_component>
      <object_component id="oc-107">
         <name>.debug_line</name>
         <load_address>0xafc</load_address>
         <run_address>0xafc</run_address>
         <size>0x20</size>
         <input_file_ref idref="fl-2d"/>
      </object_component>
      <object_component id="oc-38">
         <name>.debug_line</name>
         <load_address>0xb1c</load_address>
         <run_address>0xb1c</run_address>
         <size>0x50</size>
         <input_file_ref idref="fl-2d"/>
      </object_component>
      <object_component id="oc-9f">
         <name>.debug_line</name>
         <load_address>0xb6c</load_address>
         <run_address>0xb6c</run_address>
         <size>0x3a</size>
         <input_file_ref idref="fl-2d"/>
      </object_component>
      <object_component id="oc-104">
         <name>.debug_line</name>
         <load_address>0xba6</load_address>
         <run_address>0xba6</run_address>
         <size>0x95</size>
         <input_file_ref idref="fl-2d"/>
      </object_component>
      <object_component id="oc-14d">
         <name>.debug_line</name>
         <load_address>0xc3b</load_address>
         <run_address>0xc3b</run_address>
         <size>0x20</size>
         <input_file_ref idref="fl-2e"/>
      </object_component>
      <object_component id="oc-32">
         <name>.debug_line</name>
         <load_address>0xc5b</load_address>
         <run_address>0xc5b</run_address>
         <size>0x92</size>
         <input_file_ref idref="fl-2e"/>
      </object_component>
      <object_component id="oc-8e">
         <name>.debug_line</name>
         <load_address>0xced</load_address>
         <run_address>0xced</run_address>
         <size>0x3a</size>
         <input_file_ref idref="fl-2e"/>
      </object_component>
      <object_component id="oc-14a">
         <name>.debug_line</name>
         <load_address>0xd27</load_address>
         <run_address>0xd27</run_address>
         <size>0x9d</size>
         <input_file_ref idref="fl-2e"/>
      </object_component>
      <object_component id="oc-f7">
         <name>.debug_line</name>
         <load_address>0xdc4</load_address>
         <run_address>0xdc4</run_address>
         <size>0x99</size>
         <input_file_ref idref="fl-2e"/>
      </object_component>
      <object_component id="oc-187">
         <name>.debug_line</name>
         <load_address>0xe5d</load_address>
         <run_address>0xe5d</run_address>
         <size>0x3d</size>
         <input_file_ref idref="fl-2f"/>
      </object_component>
      <object_component id="oc-14f">
         <name>.debug_line</name>
         <load_address>0xe9a</load_address>
         <run_address>0xe9a</run_address>
         <size>0x20</size>
         <input_file_ref idref="fl-32"/>
      </object_component>
      <object_component id="oc-99">
         <name>.debug_line</name>
         <load_address>0xeba</load_address>
         <run_address>0xeba</run_address>
         <size>0x42</size>
         <input_file_ref idref="fl-32"/>
      </object_component>
      <object_component id="oc-7f">
         <name>.debug_line</name>
         <load_address>0xefc</load_address>
         <run_address>0xefc</run_address>
         <size>0x4e</size>
         <input_file_ref idref="fl-33"/>
      </object_component>
      <object_component id="oc-84">
         <name>.debug_line</name>
         <load_address>0xf4a</load_address>
         <run_address>0xf4a</run_address>
         <size>0x5e</size>
         <input_file_ref idref="fl-34"/>
      </object_component>
      <object_component id="oc-b2">
         <name>.debug_frame</name>
         <load_address>0x0</load_address>
         <run_address>0x0</run_address>
         <size>0x64</size>
         <input_file_ref idref="fl-1"/>
      </object_component>
      <object_component id="oc-130">
         <name>.debug_frame</name>
         <load_address>0x64</load_address>
         <run_address>0x64</run_address>
         <size>0x40</size>
         <input_file_ref idref="fl-1"/>
      </object_component>
      <object_component id="oc-a7">
         <name>.debug_frame</name>
         <load_address>0xa4</load_address>
         <run_address>0xa4</run_address>
         <size>0x64</size>
         <input_file_ref idref="fl-1"/>
      </object_component>
      <object_component id="oc-1cf">
         <name>.debug_frame</name>
         <load_address>0x108</load_address>
         <run_address>0x108</run_address>
         <size>0x3c</size>
         <input_file_ref idref="fl-2"/>
      </object_component>
      <object_component id="oc-155">
         <name>.debug_frame</name>
         <load_address>0x144</load_address>
         <run_address>0x144</run_address>
         <size>0x3c</size>
         <input_file_ref idref="fl-2"/>
      </object_component>
      <object_component id="oc-17a">
         <name>.debug_frame</name>
         <load_address>0x180</load_address>
         <run_address>0x180</run_address>
         <size>0x3c</size>
         <input_file_ref idref="fl-2"/>
      </object_component>
      <object_component id="oc-174">
         <name>.debug_frame</name>
         <load_address>0x1bc</load_address>
         <run_address>0x1bc</run_address>
         <size>0x44</size>
         <input_file_ref idref="fl-2"/>
      </object_component>
      <object_component id="oc-10d">
         <name>.debug_frame</name>
         <load_address>0x200</load_address>
         <run_address>0x200</run_address>
         <size>0x44</size>
         <input_file_ref idref="fl-2"/>
      </object_component>
      <object_component id="oc-180">
         <name>.debug_frame</name>
         <load_address>0x244</load_address>
         <run_address>0x244</run_address>
         <size>0x48</size>
         <input_file_ref idref="fl-2"/>
      </object_component>
      <object_component id="oc-167">
         <name>.debug_frame</name>
         <load_address>0x28c</load_address>
         <run_address>0x28c</run_address>
         <size>0x3c</size>
         <input_file_ref idref="fl-3"/>
      </object_component>
      <object_component id="oc-16d">
         <name>.debug_frame</name>
         <load_address>0x2c8</load_address>
         <run_address>0x2c8</run_address>
         <size>0x3c</size>
         <input_file_ref idref="fl-3"/>
      </object_component>
      <object_component id="oc-11b">
         <name>.debug_frame</name>
         <load_address>0x304</load_address>
         <run_address>0x304</run_address>
         <size>0x3c</size>
         <input_file_ref idref="fl-3"/>
      </object_component>
      <object_component id="oc-ca">
         <name>.debug_frame</name>
         <load_address>0x340</load_address>
         <run_address>0x340</run_address>
         <size>0x34</size>
         <input_file_ref idref="fl-26"/>
      </object_component>
      <object_component id="oc-194">
         <name>.debug_frame</name>
         <load_address>0x374</load_address>
         <run_address>0x374</run_address>
         <size>0x44</size>
         <input_file_ref idref="fl-27"/>
      </object_component>
      <object_component id="oc-b8">
         <name>.debug_frame</name>
         <load_address>0x3b8</load_address>
         <run_address>0x3b8</run_address>
         <size>0x3c</size>
         <input_file_ref idref="fl-28"/>
      </object_component>
      <object_component id="oc-12a">
         <name>.debug_frame</name>
         <load_address>0x3f4</load_address>
         <run_address>0x3f4</run_address>
         <size>0x3c</size>
         <input_file_ref idref="fl-2b"/>
      </object_component>
      <object_component id="oc-1e8">
         <name>.debug_frame</name>
         <load_address>0x430</load_address>
         <run_address>0x430</run_address>
         <size>0x3c</size>
         <input_file_ref idref="fl-2c"/>
      </object_component>
      <object_component id="oc-39">
         <name>.debug_frame</name>
         <load_address>0x46c</load_address>
         <run_address>0x46c</run_address>
         <size>0x3c</size>
         <input_file_ref idref="fl-2d"/>
      </object_component>
      <object_component id="oc-33">
         <name>.debug_frame</name>
         <load_address>0x4a8</load_address>
         <run_address>0x4a8</run_address>
         <size>0x48</size>
         <input_file_ref idref="fl-2e"/>
      </object_component>
      <object_component id="oc-188">
         <name>.debug_frame</name>
         <load_address>0x4f0</load_address>
         <run_address>0x4f0</run_address>
         <size>0x3c</size>
         <input_file_ref idref="fl-2f"/>
      </object_component>
      <object_component id="oc-9a">
         <name>.debug_frame</name>
         <load_address>0x52c</load_address>
         <run_address>0x52c</run_address>
         <size>0x3c</size>
         <input_file_ref idref="fl-32"/>
      </object_component>
      <object_component id="oc-159">
         <name>.debug_abbrev</name>
         <load_address>0x0</load_address>
         <run_address>0x0</run_address>
         <size>0x10e</size>
         <input_file_ref idref="fl-1"/>
      </object_component>
      <object_component id="oc-157">
         <name>.debug_abbrev</name>
         <load_address>0x10e</load_address>
         <run_address>0x10e</run_address>
         <size>0x29</size>
         <input_file_ref idref="fl-1"/>
      </object_component>
      <object_component id="oc-11c">
         <name>.debug_abbrev</name>
         <load_address>0x137</load_address>
         <run_address>0x137</run_address>
         <size>0x61</size>
         <input_file_ref idref="fl-1"/>
      </object_component>
      <object_component id="oc-182">
         <name>.debug_abbrev</name>
         <load_address>0x198</load_address>
         <run_address>0x198</run_address>
         <size>0x54</size>
         <input_file_ref idref="fl-1"/>
      </object_component>
      <object_component id="oc-114">
         <name>.debug_abbrev</name>
         <load_address>0x1ec</load_address>
         <run_address>0x1ec</run_address>
         <size>0x61</size>
         <input_file_ref idref="fl-1"/>
      </object_component>
      <object_component id="oc-92">
         <name>.debug_abbrev</name>
         <load_address>0x24d</load_address>
         <run_address>0x24d</run_address>
         <size>0x1f</size>
         <input_file_ref idref="fl-1"/>
      </object_component>
      <object_component id="oc-204">
         <name>.debug_abbrev</name>
         <load_address>0x26c</load_address>
         <run_address>0x26c</run_address>
         <size>0x52</size>
         <input_file_ref idref="fl-2"/>
      </object_component>
      <object_component id="oc-206">
         <name>.debug_abbrev</name>
         <load_address>0x2be</load_address>
         <run_address>0x2be</run_address>
         <size>0x6e</size>
         <input_file_ref idref="fl-2"/>
      </object_component>
      <object_component id="oc-1c2">
         <name>.debug_abbrev</name>
         <load_address>0x32c</load_address>
         <run_address>0x32c</run_address>
         <size>0x6c</size>
         <input_file_ref idref="fl-2"/>
      </object_component>
      <object_component id="oc-1c9">
         <name>.debug_abbrev</name>
         <load_address>0x398</load_address>
         <run_address>0x398</run_address>
         <size>0x7a</size>
         <input_file_ref idref="fl-2"/>
      </object_component>
      <object_component id="oc-1c7">
         <name>.debug_abbrev</name>
         <load_address>0x412</load_address>
         <run_address>0x412</run_address>
         <size>0x7a</size>
         <input_file_ref idref="fl-2"/>
      </object_component>
      <object_component id="oc-156">
         <name>.debug_abbrev</name>
         <load_address>0x48c</load_address>
         <run_address>0x48c</run_address>
         <size>0x6e</size>
         <input_file_ref idref="fl-2"/>
      </object_component>
      <object_component id="oc-1d0">
         <name>.debug_abbrev</name>
         <load_address>0x4fa</load_address>
         <run_address>0x4fa</run_address>
         <size>0x7c</size>
         <input_file_ref idref="fl-2"/>
      </object_component>
      <object_component id="oc-1c3">
         <name>.debug_abbrev</name>
         <load_address>0x576</load_address>
         <run_address>0x576</run_address>
         <size>0x34</size>
         <input_file_ref idref="fl-3"/>
      </object_component>
      <object_component id="oc-1c5">
         <name>.debug_abbrev</name>
         <load_address>0x5aa</load_address>
         <run_address>0x5aa</run_address>
         <size>0x50</size>
         <input_file_ref idref="fl-3"/>
      </object_component>
      <object_component id="oc-1c6">
         <name>.debug_abbrev</name>
         <load_address>0x5fa</load_address>
         <run_address>0x5fa</run_address>
         <size>0x6c</size>
         <input_file_ref idref="fl-3"/>
      </object_component>
      <object_component id="oc-15e">
         <name>.debug_abbrev</name>
         <load_address>0x666</load_address>
         <run_address>0x666</run_address>
         <size>0x50</size>
         <input_file_ref idref="fl-3"/>
      </object_component>
      <object_component id="oc-f3">
         <name>.debug_abbrev</name>
         <load_address>0x6b6</load_address>
         <run_address>0x6b6</run_address>
         <size>0x3a</size>
         <input_file_ref idref="fl-1e"/>
      </object_component>
      <object_component id="oc-115">
         <name>.debug_abbrev</name>
         <load_address>0x6f0</load_address>
         <run_address>0x6f0</run_address>
         <size>0x28</size>
         <input_file_ref idref="fl-25"/>
      </object_component>
      <object_component id="oc-ef">
         <name>.debug_abbrev</name>
         <load_address>0x718</load_address>
         <run_address>0x718</run_address>
         <size>0x29</size>
         <input_file_ref idref="fl-26"/>
      </object_component>
      <object_component id="oc-134">
         <name>.debug_abbrev</name>
         <load_address>0x741</load_address>
         <run_address>0x741</run_address>
         <size>0x58</size>
         <input_file_ref idref="fl-26"/>
      </object_component>
      <object_component id="oc-21c">
         <name>.debug_abbrev</name>
         <load_address>0x799</load_address>
         <run_address>0x799</run_address>
         <size>0xc0</size>
         <input_file_ref idref="fl-27"/>
      </object_component>
      <object_component id="oc-1e9">
         <name>.debug_abbrev</name>
         <load_address>0x859</load_address>
         <run_address>0x859</run_address>
         <size>0x7e</size>
         <input_file_ref idref="fl-27"/>
      </object_component>
      <object_component id="oc-220">
         <name>.debug_abbrev</name>
         <load_address>0x8d7</load_address>
         <run_address>0x8d7</run_address>
         <size>0x24</size>
         <input_file_ref idref="fl-27"/>
      </object_component>
      <object_component id="oc-231">
         <name>.debug_abbrev</name>
         <load_address>0x8fb</load_address>
         <run_address>0x8fb</run_address>
         <size>0x24</size>
         <input_file_ref idref="fl-27"/>
      </object_component>
      <object_component id="oc-1f7">
         <name>.debug_abbrev</name>
         <load_address>0x91f</load_address>
         <run_address>0x91f</run_address>
         <size>0x24</size>
         <input_file_ref idref="fl-27"/>
      </object_component>
      <object_component id="oc-225">
         <name>.debug_abbrev</name>
         <load_address>0x943</load_address>
         <run_address>0x943</run_address>
         <size>0x4b</size>
         <input_file_ref idref="fl-27"/>
      </object_component>
      <object_component id="oc-15f">
         <name>.debug_abbrev</name>
         <load_address>0x98e</load_address>
         <run_address>0x98e</run_address>
         <size>0x37</size>
         <input_file_ref idref="fl-28"/>
      </object_component>
      <object_component id="oc-11d">
         <name>.debug_abbrev</name>
         <load_address>0x9c5</load_address>
         <run_address>0x9c5</run_address>
         <size>0x6f</size>
         <input_file_ref idref="fl-28"/>
      </object_component>
      <object_component id="oc-120">
         <name>.debug_abbrev</name>
         <load_address>0xa34</load_address>
         <run_address>0xa34</run_address>
         <size>0x24</size>
         <input_file_ref idref="fl-28"/>
      </object_component>
      <object_component id="oc-fe">
         <name>.debug_abbrev</name>
         <load_address>0xa58</load_address>
         <run_address>0xa58</run_address>
         <size>0x24</size>
         <input_file_ref idref="fl-28"/>
      </object_component>
      <object_component id="oc-161">
         <name>.debug_abbrev</name>
         <load_address>0xa7c</load_address>
         <run_address>0xa7c</run_address>
         <size>0x55</size>
         <input_file_ref idref="fl-2b"/>
      </object_component>
      <object_component id="oc-21b">
         <name>.debug_abbrev</name>
         <load_address>0xad1</load_address>
         <run_address>0xad1</run_address>
         <size>0x53</size>
         <input_file_ref idref="fl-2c"/>
      </object_component>
      <object_component id="oc-106">
         <name>.debug_abbrev</name>
         <load_address>0xb24</load_address>
         <run_address>0xb24</run_address>
         <size>0x37</size>
         <input_file_ref idref="fl-2d"/>
      </object_component>
      <object_component id="oc-9b">
         <name>.debug_abbrev</name>
         <load_address>0xb5b</load_address>
         <run_address>0xb5b</run_address>
         <size>0x74</size>
         <input_file_ref idref="fl-2d"/>
      </object_component>
      <object_component id="oc-9e">
         <name>.debug_abbrev</name>
         <load_address>0xbcf</load_address>
         <run_address>0xbcf</run_address>
         <size>0x24</size>
         <input_file_ref idref="fl-2d"/>
      </object_component>
      <object_component id="oc-103">
         <name>.debug_abbrev</name>
         <load_address>0xbf3</load_address>
         <run_address>0xbf3</run_address>
         <size>0x24</size>
         <input_file_ref idref="fl-2d"/>
      </object_component>
      <object_component id="oc-14c">
         <name>.debug_abbrev</name>
         <load_address>0xc17</load_address>
         <run_address>0xc17</run_address>
         <size>0x37</size>
         <input_file_ref idref="fl-2e"/>
      </object_component>
      <object_component id="oc-8a">
         <name>.debug_abbrev</name>
         <load_address>0xc4e</load_address>
         <run_address>0xc4e</run_address>
         <size>0x7d</size>
         <input_file_ref idref="fl-2e"/>
      </object_component>
      <object_component id="oc-8d">
         <name>.debug_abbrev</name>
         <load_address>0xccb</load_address>
         <run_address>0xccb</run_address>
         <size>0x24</size>
         <input_file_ref idref="fl-2e"/>
      </object_component>
      <object_component id="oc-149">
         <name>.debug_abbrev</name>
         <load_address>0xcef</load_address>
         <run_address>0xcef</run_address>
         <size>0x35</size>
         <input_file_ref idref="fl-2e"/>
      </object_component>
      <object_component id="oc-f6">
         <name>.debug_abbrev</name>
         <load_address>0xd24</load_address>
         <run_address>0xd24</run_address>
         <size>0x24</size>
         <input_file_ref idref="fl-2e"/>
      </object_component>
      <object_component id="oc-1d1">
         <name>.debug_abbrev</name>
         <load_address>0xd48</load_address>
         <run_address>0xd48</run_address>
         <size>0x45</size>
         <input_file_ref idref="fl-2f"/>
      </object_component>
      <object_component id="oc-14e">
         <name>.debug_abbrev</name>
         <load_address>0xd8d</load_address>
         <run_address>0xd8d</run_address>
         <size>0x45</size>
         <input_file_ref idref="fl-32"/>
      </object_component>
      <object_component id="oc-fa">
         <name>.debug_abbrev</name>
         <load_address>0xdd2</load_address>
         <run_address>0xdd2</run_address>
         <size>0x71</size>
         <input_file_ref idref="fl-32"/>
      </object_component>
      <object_component id="oc-f1">
         <name>.debug_abbrev</name>
         <load_address>0xe43</load_address>
         <run_address>0xe43</run_address>
         <size>0x3c</size>
         <input_file_ref idref="fl-33"/>
      </object_component>
      <object_component id="oc-f2">
         <name>.debug_abbrev</name>
         <load_address>0xe7f</load_address>
         <run_address>0xe7f</run_address>
         <size>0x3c</size>
         <input_file_ref idref="fl-34"/>
      </object_component>
      <object_component id="oc-285">
         <name>.debug_abbrev</name>
         <load_address>0xebb</load_address>
         <run_address>0xebb</run_address>
         <size>0xf</size>
      </object_component>
      <object_component id="oc-94">
         <name>.debug_str</name>
         <load_address>0x0</load_address>
         <run_address>0x0</run_address>
         <size>0x100</size>
         <input_file_ref idref="fl-1"/>
      </object_component>
      <object_component id="oc-222">
         <name>.debug_str</name>
         <load_address>0x100</load_address>
         <run_address>0x100</run_address>
         <size>0xf1</size>
         <input_file_ref idref="fl-27"/>
      </object_component>
      <object_component id="oc-233">
         <name>.debug_str</name>
         <load_address>0x1f1</load_address>
         <run_address>0x1f1</run_address>
         <size>0x153</size>
         <input_file_ref idref="fl-27"/>
      </object_component>
      <object_component id="oc-1f9">
         <name>.debug_str</name>
         <load_address>0x344</load_address>
         <run_address>0x344</run_address>
         <size>0x14e</size>
         <input_file_ref idref="fl-27"/>
      </object_component>
      <object_component id="oc-227">
         <name>.debug_str</name>
         <load_address>0x492</load_address>
         <run_address>0x492</run_address>
         <size>0x19e</size>
         <input_file_ref idref="fl-27"/>
      </object_component>
      <object_component id="oc-122">
         <name>.debug_str</name>
         <load_address>0x630</load_address>
         <run_address>0x630</run_address>
         <size>0x109</size>
         <input_file_ref idref="fl-28"/>
      </object_component>
      <object_component id="oc-100">
         <name>.debug_str</name>
         <load_address>0x739</load_address>
         <run_address>0x739</run_address>
         <size>0x147</size>
         <input_file_ref idref="fl-28"/>
      </object_component>
      <object_component id="oc-a0">
         <name>.debug_str</name>
         <load_address>0x880</load_address>
         <run_address>0x880</run_address>
         <size>0x10f</size>
         <input_file_ref idref="fl-2d"/>
      </object_component>
      <object_component id="oc-105">
         <name>.debug_str</name>
         <load_address>0x98f</load_address>
         <run_address>0x98f</run_address>
         <size>0x147</size>
         <input_file_ref idref="fl-2d"/>
      </object_component>
      <object_component id="oc-8f">
         <name>.debug_str</name>
         <load_address>0xad6</load_address>
         <run_address>0xad6</run_address>
         <size>0x11c</size>
         <input_file_ref idref="fl-2e"/>
      </object_component>
      <object_component id="oc-14b">
         <name>.debug_str</name>
         <load_address>0xbf2</load_address>
         <run_address>0xbf2</run_address>
         <size>0x172</size>
         <input_file_ref idref="fl-2e"/>
      </object_component>
      <object_component id="oc-f8">
         <name>.debug_str</name>
         <load_address>0xd64</load_address>
         <run_address>0xd64</run_address>
         <size>0x15f</size>
         <input_file_ref idref="fl-2e"/>
      </object_component>
      <object_component id="oc-af">
         <name>.debug_aranges</name>
         <load_address>0x0</load_address>
         <run_address>0x0</run_address>
         <size>0x20</size>
         <input_file_ref idref="fl-1"/>
      </object_component>
      <object_component id="oc-12d">
         <name>.debug_aranges</name>
         <load_address>0x20</load_address>
         <run_address>0x20</run_address>
         <size>0x20</size>
         <input_file_ref idref="fl-1"/>
      </object_component>
      <object_component id="oc-a4">
         <name>.debug_aranges</name>
         <load_address>0x40</load_address>
         <run_address>0x40</run_address>
         <size>0x20</size>
         <input_file_ref idref="fl-1"/>
      </object_component>
      <object_component id="oc-1cc">
         <name>.debug_aranges</name>
         <load_address>0x60</load_address>
         <run_address>0x60</run_address>
         <size>0x20</size>
         <input_file_ref idref="fl-2"/>
      </object_component>
      <object_component id="oc-152">
         <name>.debug_aranges</name>
         <load_address>0x80</load_address>
         <run_address>0x80</run_address>
         <size>0x20</size>
         <input_file_ref idref="fl-2"/>
      </object_component>
      <object_component id="oc-177">
         <name>.debug_aranges</name>
         <load_address>0xa0</load_address>
         <run_address>0xa0</run_address>
         <size>0x20</size>
         <input_file_ref idref="fl-2"/>
      </object_component>
      <object_component id="oc-171">
         <name>.debug_aranges</name>
         <load_address>0xc0</load_address>
         <run_address>0xc0</run_address>
         <size>0x20</size>
         <input_file_ref idref="fl-2"/>
      </object_component>
      <object_component id="oc-10a">
         <name>.debug_aranges</name>
         <load_address>0xe0</load_address>
         <run_address>0xe0</run_address>
         <size>0x20</size>
         <input_file_ref idref="fl-2"/>
      </object_component>
      <object_component id="oc-17d">
         <name>.debug_aranges</name>
         <load_address>0x100</load_address>
         <run_address>0x100</run_address>
         <size>0x20</size>
         <input_file_ref idref="fl-2"/>
      </object_component>
      <object_component id="oc-164">
         <name>.debug_aranges</name>
         <load_address>0x120</load_address>
         <run_address>0x120</run_address>
         <size>0x20</size>
         <input_file_ref idref="fl-3"/>
      </object_component>
      <object_component id="oc-16a">
         <name>.debug_aranges</name>
         <load_address>0x140</load_address>
         <run_address>0x140</run_address>
         <size>0x20</size>
         <input_file_ref idref="fl-3"/>
      </object_component>
      <object_component id="oc-118">
         <name>.debug_aranges</name>
         <load_address>0x160</load_address>
         <run_address>0x160</run_address>
         <size>0x20</size>
         <input_file_ref idref="fl-3"/>
      </object_component>
      <object_component id="oc-87">
         <name>.debug_aranges</name>
         <load_address>0x180</load_address>
         <run_address>0x180</run_address>
         <size>0x20</size>
         <input_file_ref idref="fl-1e"/>
      </object_component>
      <object_component id="oc-aa">
         <name>.debug_aranges</name>
         <load_address>0x1a0</load_address>
         <run_address>0x1a0</run_address>
         <size>0x20</size>
         <input_file_ref idref="fl-25"/>
      </object_component>
      <object_component id="oc-c7">
         <name>.debug_aranges</name>
         <load_address>0x1c0</load_address>
         <run_address>0x1c0</run_address>
         <size>0x20</size>
         <input_file_ref idref="fl-26"/>
      </object_component>
      <object_component id="oc-191">
         <name>.debug_aranges</name>
         <load_address>0x1e0</load_address>
         <run_address>0x1e0</run_address>
         <size>0x20</size>
         <input_file_ref idref="fl-27"/>
      </object_component>
      <object_component id="oc-b5">
         <name>.debug_aranges</name>
         <load_address>0x200</load_address>
         <run_address>0x200</run_address>
         <size>0x20</size>
         <input_file_ref idref="fl-28"/>
      </object_component>
      <object_component id="oc-127">
         <name>.debug_aranges</name>
         <load_address>0x220</load_address>
         <run_address>0x220</run_address>
         <size>0x20</size>
         <input_file_ref idref="fl-2b"/>
      </object_component>
      <object_component id="oc-1e5">
         <name>.debug_aranges</name>
         <load_address>0x240</load_address>
         <run_address>0x240</run_address>
         <size>0x20</size>
         <input_file_ref idref="fl-2c"/>
      </object_component>
      <object_component id="oc-36">
         <name>.debug_aranges</name>
         <load_address>0x260</load_address>
         <run_address>0x260</run_address>
         <size>0x20</size>
         <input_file_ref idref="fl-2d"/>
      </object_component>
      <object_component id="oc-30">
         <name>.debug_aranges</name>
         <load_address>0x280</load_address>
         <run_address>0x280</run_address>
         <size>0x20</size>
         <input_file_ref idref="fl-2e"/>
      </object_component>
      <object_component id="oc-185">
         <name>.debug_aranges</name>
         <load_address>0x2a0</load_address>
         <run_address>0x2a0</run_address>
         <size>0x20</size>
         <input_file_ref idref="fl-2f"/>
      </object_component>
      <object_component id="oc-97">
         <name>.debug_aranges</name>
         <load_address>0x2c0</load_address>
         <run_address>0x2c0</run_address>
         <size>0x20</size>
         <input_file_ref idref="fl-32"/>
      </object_component>
      <object_component id="oc-7d">
         <name>.debug_aranges</name>
         <load_address>0x2e0</load_address>
         <run_address>0x2e0</run_address>
         <size>0x20</size>
         <input_file_ref idref="fl-33"/>
      </object_component>
      <object_component id="oc-82">
         <name>.debug_aranges</name>
         <load_address>0x300</load_address>
         <run_address>0x300</run_address>
         <size>0x20</size>
         <input_file_ref idref="fl-34"/>
      </object_component>
      <object_component id="oc-113">
         <name>.debug_pubnames</name>
         <load_address>0x0</load_address>
         <run_address>0x0</run_address>
         <size>0x34</size>
         <input_file_ref idref="fl-1"/>
      </object_component>
      <object_component id="oc-110">
         <name>.debug_pubnames</name>
         <load_address>0x34</load_address>
         <run_address>0x34</run_address>
         <size>0x1f</size>
         <input_file_ref idref="fl-1"/>
      </object_component>
      <object_component id="oc-b0">
         <name>.debug_pubnames</name>
         <load_address>0x53</load_address>
         <run_address>0x53</run_address>
         <size>0x25</size>
         <input_file_ref idref="fl-1"/>
      </object_component>
      <object_component id="oc-12e">
         <name>.debug_pubnames</name>
         <load_address>0x78</load_address>
         <run_address>0x78</run_address>
         <size>0x1b</size>
         <input_file_ref idref="fl-1"/>
      </object_component>
      <object_component id="oc-a5">
         <name>.debug_pubnames</name>
         <load_address>0x93</load_address>
         <run_address>0x93</run_address>
         <size>0x1d</size>
         <input_file_ref idref="fl-1"/>
      </object_component>
      <object_component id="oc-1cd">
         <name>.debug_pubnames</name>
         <load_address>0xb0</load_address>
         <run_address>0xb0</run_address>
         <size>0x1c</size>
         <input_file_ref idref="fl-2"/>
      </object_component>
      <object_component id="oc-153">
         <name>.debug_pubnames</name>
         <load_address>0xcc</load_address>
         <run_address>0xcc</run_address>
         <size>0x23</size>
         <input_file_ref idref="fl-2"/>
      </object_component>
      <object_component id="oc-178">
         <name>.debug_pubnames</name>
         <load_address>0xef</load_address>
         <run_address>0xef</run_address>
         <size>0x1d</size>
         <input_file_ref idref="fl-2"/>
      </object_component>
      <object_component id="oc-172">
         <name>.debug_pubnames</name>
         <load_address>0x10c</load_address>
         <run_address>0x10c</run_address>
         <size>0x1f</size>
         <input_file_ref idref="fl-2"/>
      </object_component>
      <object_component id="oc-10b">
         <name>.debug_pubnames</name>
         <load_address>0x12b</load_address>
         <run_address>0x12b</run_address>
         <size>0x1d</size>
         <input_file_ref idref="fl-2"/>
      </object_component>
      <object_component id="oc-17e">
         <name>.debug_pubnames</name>
         <load_address>0x148</load_address>
         <run_address>0x148</run_address>
         <size>0x1e</size>
         <input_file_ref idref="fl-2"/>
      </object_component>
      <object_component id="oc-15d">
         <name>.debug_pubnames</name>
         <load_address>0x166</load_address>
         <run_address>0x166</run_address>
         <size>0x2c</size>
         <input_file_ref idref="fl-3"/>
      </object_component>
      <object_component id="oc-165">
         <name>.debug_pubnames</name>
         <load_address>0x192</load_address>
         <run_address>0x192</run_address>
         <size>0x26</size>
         <input_file_ref idref="fl-3"/>
      </object_component>
      <object_component id="oc-16b">
         <name>.debug_pubnames</name>
         <load_address>0x1b8</load_address>
         <run_address>0x1b8</run_address>
         <size>0x1c</size>
         <input_file_ref idref="fl-3"/>
      </object_component>
      <object_component id="oc-119">
         <name>.debug_pubnames</name>
         <load_address>0x1d4</load_address>
         <run_address>0x1d4</run_address>
         <size>0x20</size>
         <input_file_ref idref="fl-3"/>
      </object_component>
      <object_component id="oc-88">
         <name>.debug_pubnames</name>
         <load_address>0x1f4</load_address>
         <run_address>0x1f4</run_address>
         <size>0x2b</size>
         <input_file_ref idref="fl-1e"/>
      </object_component>
      <object_component id="oc-ab">
         <name>.debug_pubnames</name>
         <load_address>0x21f</load_address>
         <run_address>0x21f</run_address>
         <size>0x2b</size>
         <input_file_ref idref="fl-25"/>
      </object_component>
      <object_component id="oc-79">
         <name>.debug_pubnames</name>
         <load_address>0x24a</load_address>
         <run_address>0x24a</run_address>
         <size>0x1d</size>
         <input_file_ref idref="fl-26"/>
      </object_component>
      <object_component id="oc-c8">
         <name>.debug_pubnames</name>
         <load_address>0x267</load_address>
         <run_address>0x267</run_address>
         <size>0x26</size>
         <input_file_ref idref="fl-26"/>
      </object_component>
      <object_component id="oc-192">
         <name>.debug_pubnames</name>
         <load_address>0x28d</load_address>
         <run_address>0x28d</run_address>
         <size>0x35</size>
         <input_file_ref idref="fl-27"/>
      </object_component>
      <object_component id="oc-b6">
         <name>.debug_pubnames</name>
         <load_address>0x2c2</load_address>
         <run_address>0x2c2</run_address>
         <size>0x2e</size>
         <input_file_ref idref="fl-28"/>
      </object_component>
      <object_component id="oc-128">
         <name>.debug_pubnames</name>
         <load_address>0x2f0</load_address>
         <run_address>0x2f0</run_address>
         <size>0x27</size>
         <input_file_ref idref="fl-2b"/>
      </object_component>
      <object_component id="oc-1e6">
         <name>.debug_pubnames</name>
         <load_address>0x317</load_address>
         <run_address>0x317</run_address>
         <size>0x29</size>
         <input_file_ref idref="fl-2c"/>
      </object_component>
      <object_component id="oc-37">
         <name>.debug_pubnames</name>
         <load_address>0x340</load_address>
         <run_address>0x340</run_address>
         <size>0x2b</size>
         <input_file_ref idref="fl-2d"/>
      </object_component>
      <object_component id="oc-31">
         <name>.debug_pubnames</name>
         <load_address>0x36b</load_address>
         <run_address>0x36b</run_address>
         <size>0x2b</size>
         <input_file_ref idref="fl-2e"/>
      </object_component>
      <object_component id="oc-186">
         <name>.debug_pubnames</name>
         <load_address>0x396</load_address>
         <run_address>0x396</run_address>
         <size>0x1c</size>
         <input_file_ref idref="fl-2f"/>
      </object_component>
      <object_component id="oc-98">
         <name>.debug_pubnames</name>
         <load_address>0x3b2</load_address>
         <run_address>0x3b2</run_address>
         <size>0x1d</size>
         <input_file_ref idref="fl-32"/>
      </object_component>
      <object_component id="oc-7e">
         <name>.debug_pubnames</name>
         <load_address>0x3cf</load_address>
         <run_address>0x3cf</run_address>
         <size>0x24</size>
         <input_file_ref idref="fl-33"/>
      </object_component>
      <object_component id="oc-83">
         <name>.debug_pubnames</name>
         <load_address>0x3f3</load_address>
         <run_address>0x3f3</run_address>
         <size>0x24</size>
         <input_file_ref idref="fl-34"/>
      </object_component>
      <object_component id="oc-91">
         <name>.debug_pubtypes</name>
         <load_address>0x0</load_address>
         <run_address>0x0</run_address>
         <size>0xed</size>
         <input_file_ref idref="fl-1"/>
      </object_component>
      <object_component id="oc-21f">
         <name>.debug_pubtypes</name>
         <load_address>0xed</load_address>
         <run_address>0xed</run_address>
         <size>0x32</size>
         <input_file_ref idref="fl-27"/>
      </object_component>
      <object_component id="oc-230">
         <name>.debug_pubtypes</name>
         <load_address>0x11f</load_address>
         <run_address>0x11f</run_address>
         <size>0x21</size>
         <input_file_ref idref="fl-27"/>
      </object_component>
      <object_component id="oc-1f6">
         <name>.debug_pubtypes</name>
         <load_address>0x140</load_address>
         <run_address>0x140</run_address>
         <size>0x1f</size>
         <input_file_ref idref="fl-27"/>
      </object_component>
      <object_component id="oc-224">
         <name>.debug_pubtypes</name>
         <load_address>0x15f</load_address>
         <run_address>0x15f</run_address>
         <size>0x50</size>
         <input_file_ref idref="fl-27"/>
      </object_component>
      <object_component id="oc-11f">
         <name>.debug_pubtypes</name>
         <load_address>0x1af</load_address>
         <run_address>0x1af</run_address>
         <size>0x48</size>
         <input_file_ref idref="fl-28"/>
      </object_component>
      <object_component id="oc-fd">
         <name>.debug_pubtypes</name>
         <load_address>0x1f7</load_address>
         <run_address>0x1f7</run_address>
         <size>0x1d</size>
         <input_file_ref idref="fl-28"/>
      </object_component>
      <object_component id="oc-9d">
         <name>.debug_pubtypes</name>
         <load_address>0x214</load_address>
         <run_address>0x214</run_address>
         <size>0x48</size>
         <input_file_ref idref="fl-2d"/>
      </object_component>
      <object_component id="oc-102">
         <name>.debug_pubtypes</name>
         <load_address>0x25c</load_address>
         <run_address>0x25c</run_address>
         <size>0x1d</size>
         <input_file_ref idref="fl-2d"/>
      </object_component>
      <object_component id="oc-8c">
         <name>.debug_pubtypes</name>
         <load_address>0x279</load_address>
         <run_address>0x279</run_address>
         <size>0x5d</size>
         <input_file_ref idref="fl-2e"/>
      </object_component>
      <object_component id="oc-148">
         <name>.debug_pubtypes</name>
         <load_address>0x2d6</load_address>
         <run_address>0x2d6</run_address>
         <size>0x48</size>
         <input_file_ref idref="fl-2e"/>
      </object_component>
      <object_component id="oc-f5">
         <name>.debug_pubtypes</name>
         <load_address>0x31e</load_address>
         <run_address>0x31e</run_address>
         <size>0x35</size>
         <input_file_ref idref="fl-2e"/>
      </object_component>
   </object_component_list>
   <logical_group_list>
      <logical_group id="lg-2" display="no" color="cyan">
         <name>.bss</name>
         <run_address>0x200</run_address>
         <size>0xe</size>
         <contents>
            <object_component_ref idref="oc-111"/>
[...]
               <size>0x2</size>
               <logical_group_ref idref="lg-2a"/>
            </allocated_space>
         </usage_details>
      </memory_area>
      <memory_area display="no" color="green">
         <name>RESET</name>
         <page_id>0x0</page_id>
         <origin>0xfffe</origin>
         <length>0x2</length>
         <used_space>0x2</used_space>
         <unused_space>0x0</unused_space>
         <attributes>RWIX</attributes>
         <usage_details>
            <allocated_space>
               <start_address>0xfffe</start_address>
               <size>0x2</size>
               <logical_group_ref idref="lg-2c"/>
            </allocated_space>
         </usage_details>
      </memory_area>
   </placement_map>
   <cptbl_list>
      <cptbl>
         <name>__TI_cinit_table</name>
         <cprec>
            <name>.data</name>
            <load_address>0xfc6c</load_address>
            <load_size>0x5</load_size>
            <run_address>0x20e</run_address>
            <run_size>0x1</run_size>
            <compression>copy</compression>
         </cprec>
         <cprec>
            <name>.bss</name>
            <load_address>0xfc72</load_address>
            <load_size>0x4</load_size>
            <run_address>0x200</run_address>
            <run_size>0xe</run_size>
            <compression>zero_init</compression>
         </cprec>
      </cptbl>
   </cptbl_list>
   <handler_table>
      <handler_table_name>__TI_handler_table</handler_table_name>
      <handler>
         <index>0x0</index>
         <name>__TI_zero_init</name>
      </handler>
      <handler>
         <index>0x1</index>
         <name>__TI_decompress_lzss</name>
      </handler>
      <handler>
         <index>0x2</index>
         <name>__TI_decompress_none</name>
      </handler>
   </handler_table>
   <symbol_table>
      <symbol id="sm-1">
         <name>IE1</name>
         <value>0x0</value>
      </symbol>
      <symbol id="sm-2">
         <name>IFG1</name>
         <value>0x2</value>
      </symbol>
      <symbol id="sm-3">
         <name>ADC10DTC0</name>
         <value>0x48</value>
      </symbol>
      <symbol id="sm-4">
         <name>ADC10DTC1</name>
         <value>0x49</value>
      </symbol>
      <symbol id="sm-5">
         <name>ADC10AE0</name>
         <value>0x4a</value>
      </symbol>
      <symbol id="sm-6">
         <name>ADC10CTL0</name>
         <value>0x1b0</value>
      </symbol>
      <symbol id="sm-7">
         <name>ADC10CTL1</name>
         <value>0x1b2</value>
      </symbol>
      <symbol id="sm-8">
         <name>ADC10MEM</name>
         <value>0x1b4</value>
      </symbol>
      <symbol id="sm-9">
         <name>ADC10SA</name>
         <value>0x1bc</value>
      </symbol>
      <symbol id="sm-a">
         <name>DCOCTL</name>
         <value>0x56</value>
      </symbol>
      <symbol id="sm-b">
         <name>BCSCTL1</name>
         <value>0x57</value>
      </symbol>
      <symbol id="sm-c">
         <name>BCSCTL2</name>
         <value>0x58</value>
      </symbol>
      <symbol id="sm-d">
         <name>BCSCTL3</name>
         <value>0x53</value>
      </symbol>
      <symbol id="sm-e">
         <name>FCTL1</name>
         <value>0x128</value>
      </symbol>
      <symbol id="sm-f">
         <name>FCTL2</name>
         <value>0x12a</value>
      </symbol>
      <symbol id="sm-10">
         <name>FCTL3</name>
         <value>0x12c</value>
      </symbol>
      <symbol id="sm-11">
         <name>P1IN</name>
         <value>0x20</value>
      </symbol>
      <symbol id="sm-12">
         <name>P1OUT</name>
         <value>0x21</value>
      </symbol>
      <symbol id="sm-13">
         <name>P1DIR</name>
         <value>0x22</value>
      </symbol>
      <symbol id="sm-14">
         <name>P1IFG</name>
         <value>0x23</value>
      </symbol>
      <symbol id="sm-15">
         <name>P1IES</name>
         <value>0x24</value>
      </symbol>
      <symbol id="sm-16">
         <name>P1IE</name>
         <value>0x25</value>
      </symbol>
      <symbol id="sm-17">
         <name>P1SEL</name>
         <value>0x26</value>
      </symbol>
      <symbol id="sm-18">
         <name>P1REN</name>
         <value>0x27</value>
      </symbol>
      <symbol id="sm-19">
         <name>P2IN</name>
         <value>0x28</value>
      </symbol>
      <symbol id="sm-1a">
         <name>P2OUT</name>
         <value>0x29</value>
      </symbol>
      <symbol id="sm-1b">
         <name>P2DIR</name>
         <value>0x2a</value>
      </symbol>
      <symbol id="sm-1c">
         <name>P2IFG</name>
         <value>0x2b</value>
      </symbol>
      <symbol id="sm-1d">
         <name>P2IES</name>
         <value>0x2c</value>
      </symbol>
      <symbol id="sm-1e">
         <name>P2IE</name>
         <value>0x2d</value>
      </symbol>
      <symbol id="sm-1f">
         <name>P2SEL</name>
         <value>0x2e</value>
      </symbol>
      <symbol id="sm-20">
         <name>P2REN</name>
         <value>0x2f</value>
      </symbol>
      <symbol id="sm-21">
         <name>TAIV</name>
         <value>0x12e</value>
      </symbol>
      <symbol id="sm-22">
         <name>TACTL</name>
         <value>0x160</value>
      </symbol>
      <symbol id="sm-23">
         <name>TACCTL0</name>
         <value>0x162</value>
      </symbol>
      <symbol id="sm-24">
         <name>TACCTL1</name>
         <value>0x164</value>
      </symbol>
      <symbol id="sm-25">
         <name>TAR</name>
         <value>0x170</value>
      </symbol>
      <symbol id="sm-26">
         <name>TACCR0</name>
         <value>0x172</value>
      </symbol>
      <symbol id="sm-27">
         <name>TACCR1</name>
         <value>0x174</value>
      </symbol>
      <symbol id="sm-28">
         <name>USICTL0</name>
         <value>0x78</value>
      </symbol>
      <symbol id="sm-29">
         <name>USICTL1</name>
         <value>0x79</value>
      </symbol>
      <symbol id="sm-2a">
         <name>USICKCTL</name>
         <value>0x7a</value>
      </symbol>
      <symbol id="sm-2b">
         <name>USICNT</name>
         <value>0x7b</value>
      </symbol>
      <symbol id="sm-2c">
         <name>USISRL</name>
         <value>0x7c</value>
      </symbol>
      <symbol id="sm-2d">
         <name>USISRH</name>
         <value>0x7d</value>
      </symbol>
      <symbol id="sm-2e">
         <name>USICTL</name>
         <value>0x78</value>
      </symbol>
      <symbol id="sm-2f">
         <name>USICCTL</name>
         <value>0x7a</value>
      </symbol>
      <symbol id="sm-30">
         <name>USISR</name>
         <value>0x7c</value>
      </symbol>
      <symbol id="sm-31">
         <name>WDTCTL</name>
         <value>0x120</value>
      </symbol>
      <symbol id="sm-32">
         <name>CALDCO_1MHZ</name>
         <value>0x10fe</value>
      </symbol>
      <symbol id="sm-33">
         <name>CALBC1_1MHZ</name>
         <value>0x10ff</value>
      </symbol>
      <symbol id="sm-34">
         <name>__TI_CINIT_Base</name>
         <value>0xfc76</value>
      </symbol>
      <symbol id="sm-35">
         <name>__TI_CINIT_Limit</name>
         <value>0xfc7e</value>
      </symbol>
      <symbol id="sm-36">
         <name>__TI_Handler_Table_Base</name>
         <value>0xfc66</value>
      </symbol>
      <symbol id="sm-37">
         <name>__TI_Handler_Table_Limit</name>
         <value>0xfc6c</value>
      </symbol>
      <symbol id="sm-38">
         <name>__STACK_SIZE</name>
         <value>0x30</value>
      </symbol>
      <symbol id="sm-39">
         <name>__STACK_END</name>
         <value>0x280</value>
      </symbol>
      <symbol id="sm-3a">
         <name>__c_args__</name>
         <value>0xffffffff</value>
      </symbol>
      <symbol id="sm-3b">
         <name>__TI_pprof_out_hndl</name>
         <value>0xffffffff</value>
      </symbol>
      <symbol id="sm-3c">
         <name>__TI_prof_data_start</name>
         <value>0xffffffff</value>
      </symbol>
      <symbol id="sm-3d">
         <name>__TI_prof_data_size</name>
         <value>0xffffffff</value>
      </symbol>
      <symbol id="sm-94">
         <name>rxbuf</name>
         <value>0x200</value>
      </symbol>
      <symbol id="sm-95">
         <name>calc_crc</name>
         <value>0x20c</value>
      </symbol>
      <symbol id="sm-96">
         <name>__TI_int02</name>
         <value>0xffe4</value>
         <object_component_ref idref="oc-3a"/>
      </symbol>
      <symbol id="sm-97">
         <name>__TI_int10</name>
         <value>0xfff4</value>
         <object_component_ref idref="oc-40"/>
      </symbol>
      <symbol id="sm-98">
         <name>Port_1</name>
         <value>0xfa98</value>
         <object_component_ref idref="oc-a2"/>
      </symbol>
      <symbol id="sm-99">
         <name>watchdog_timer</name>
         <value>0xfb84</value>
         <object_component_ref idref="oc-ad"/>
      </symbol>
      <symbol id="sm-9a">
         <name>main</name>
         <value>0xf800</value>
         <object_component_ref idref="oc-12b"/>
      </symbol>
      <symbol id="sm-9b">
         <name>rxbufptr</name>
         <value>0x20e</value>
         <object_component_ref idref="oc-10e"/>
      </symbol>
      <symbol id="sm-dc">
         <name>RxByte</name>
         <value>0xf964</value>
         <object_component_ref idref="oc-108"/>
      </symbol>
      <symbol id="sm-dd">
         <name>TxByte</name>
         <value>0xf9ba</value>
         <object_component_ref idref="oc-175"/>
      </symbol>
      <symbol id="sm-de">
         <name>CalcCRC</name>
         <value>0xfb20</value>
         <object_component_ref idref="oc-17b"/>
      </symbol>
      <symbol id="sm-df">
         <name>SerialTxTime</name>
         <value>0xfb9e</value>
         <object_component_ref idref="oc-150"/>
      </symbol>
      <symbol id="sm-e0">
         <name>crc16</name>
         <value>0xfaf6</value>
         <object_component_ref idref="oc-1ca"/>
      </symbol>
      <symbol id="sm-e1">
         <name>TxString</name>
         <value>0xfb44</value>
         <object_component_ref idref="oc-16f"/>
      </symbol>
      <symbol id="sm-fd">
         <name>TIMERCOUNT</name>
         <value>0x20a</value>
      </symbol>
      <symbol id="sm-fe">
         <name>Delay</name>
         <value>0xfbfa</value>
         <object_component_ref idref="oc-168"/>
      </symbol>
      <symbol id="sm-ff">
         <name>InitTimerSystem</name>
         <value>0xfc16</value>
         <object_component_ref idref="oc-162"/>
      </symbol>
      <symbol id="sm-100">
         <name>CallInISR</name>
         <value>0xfc10</value>
         <object_component_ref idref="oc-116"/>
      </symbol>
      <symbol id="sm-109">
         <name>__mspabi_func_epilog_2</name>
         <value>0xfbf4</value>
         <object_component_ref idref="oc-85"/>
      </symbol>
      <symbol id="sm-10a">
         <name>__mspabi_func_epilog_3</name>
         <value>0xfbf2</value>
         <object_component_ref idref="oc-85"/>
      </symbol>
      <symbol id="sm-10b">
         <name>__mspabi_func_epilog_1</name>
         <value>0xfbf6</value>
         <object_component_ref idref="oc-85"/>
      </symbol>
      <symbol id="sm-10c">
         <name>__mspabi_func_epilog_6</name>
         <value>0xfbec</value>
         <object_component_ref idref="oc-85"/>
      </symbol>
      <symbol id="sm-10d">
         <name>__mspabi_func_epilog_7</name>
         <value>0xfbea</value>
         <object_component_ref idref="oc-85"/>
      </symbol>
      <symbol id="sm-10e">
         <name>__mspabi_func_epilog_4</name>
         <value>0xfbf0</value>
         <object_component_ref idref="oc-85"/>
      </symbol>
      <symbol id="sm-10f">
         <name>__mspabi_func_epilog_5</name>
         <value>0xfbee</value>
         <object_component_ref idref="oc-85"/>
      </symbol>
      <symbol id="sm-112">
         <name>__TI_int03</name>
         <value>0xffe6</value>
         <object_component_ref idref="oc-3b"/>
      </symbol>
      <symbol id="sm-115">
         <name>__TI_int04</name>
         <value>0xffe8</value>
         <object_component_ref idref="oc-3c"/>
      </symbol>
      <symbol id="sm-118">
         <name>__TI_int05</name>
         <value>0xffea</value>
         <object_component_ref idref="oc-3d"/>
      </symbol>
      <symbol id="sm-11b">
         <name>__TI_int08</name>
         <value>0xfff0</value>
         <object_component_ref idref="oc-3e"/>
      </symbol>
      <symbol id="sm-11e">
         <name>__TI_int09</name>
         <value>0xfff2</value>
         <object_component_ref idref="oc-3f"/>
      </symbol>
      <symbol id="sm-121">
         <name>__TI_int14</name>
         <value>0xfffc</value>
         <object_component_ref idref="oc-41"/>
      </symbol>
      <symbol id="sm-129">
         <name>__TI_ISR_TRAP</name>
         <value>0xfc08</value>
         <object_component_ref idref="oc-a8"/>
      </symbol>
      <symbol id="sm-139">
         <name>_stack</name>
         <value>0x250</value>
         <object_component_ref idref="oc-77"/>
      </symbol>
      <symbol id="sm-13a">
         <name>_c_int00_noargs</name>
         <value>0xfb68</value>
         <object_component_ref idref="oc-c5"/>
      </symbol>
      <symbol id="sm-13b">
         <name>_reset_vector</name>
         <value>0xfffe</value>
         <object_component_ref idref="oc-7a"/>
      </symbol>
      <symbol id="sm-15d">
         <name>__TI_auto_init_nobinit_nopinit</name>
         <value>0xfa56</value>
         <object_component_ref idref="oc-18f"/>
      </symbol>
      <symbol id="sm-175">
         <name>__TI_zero_init_nomemset</name>
         <value>0xfbb2</value>
         <object_component_ref idref="oc-b3"/>
      </symbol>
      <symbol id="sm-180">
         <name>_system_pre_init</name>
         <value>0xfc22</value>
         <object_component_ref idref="oc-125"/>
      </symbol>
      <symbol id="sm-189">
         <name>_system_post_cinit</name>
         <value>0xfc26</value>
         <object_component_ref idref="oc-1e3"/>
      </symbol>
      <symbol id="sm-19f">
         <name>__TI_decompress_none</name>
         <value>0xfbc6</value>
         <object_component_ref idref="oc-34"/>
      </symbol>
      <symbol id="sm-1c2">
         <name>__TI_decompress_lzss</name>
         <value>0xf8e8</value>
         <object_component_ref idref="oc-2e"/>
      </symbol>
      <symbol id="sm-1cc">
         <name>C$$EXIT</name>
         <value>0xfc1c</value>
         <object_component_ref idref="oc-183"/>
      </symbol>
      <symbol id="sm-1cd">
         <name>abort</name>
         <value>0xfc1c</value>
         <object_component_ref idref="oc-183"/>
      </symbol>
      <symbol id="sm-1dd">
         <name>memcpy</name>
         <value>0xfbd8</value>
         <object_component_ref idref="oc-95"/>
      </symbol>
      <symbol id="sm-1e5">
         <name>__mspabi_slli</name>
         <value>0xfaca</value>
         <object_component_ref idref="oc-7b"/>
      </symbol>
      <symbol id="sm-1e6">
         <name>__mspabi_slli_9</name>
         <value>0xfae2</value>
         <object_component_ref idref="oc-7b"/>
      </symbol>
      <symbol id="sm-1e7">
         <name>__mspabi_slli_8</name>
         <value>0xfae4</value>
         <object_component_ref idref="oc-7b"/>
      </symbol>
      <symbol id="sm-1e8">
         <name>__mspabi_slli_7</name>
         <value>0xfae6</value>
         <object_component_ref idref="oc-7b"/>
      </symbol>
      <symbol id="sm-1e9">
         <name>__mspabi_slli_6</name>
         <value>0xfae8</value>
         <object_component_ref idref="oc-7b"/>
      </symbol>
      <symbol id="sm-1ea">
         <name>__mspabi_slli_5</name>
         <value>0xfaea</value>
         <object_component_ref idref="oc-7b"/>
      </symbol>
      <symbol id="sm-1eb">
         <name>__mspabi_slli_4</name>
         <value>0xfaec</value>
         <object_component_ref idref="oc-7b"/>
      </symbol>
      <symbol id="sm-1ec">
         <name>__mspabi_slli_3</name>
         <value>0xfaee</value>
         <object_component_ref idref="oc-7b"/>
      </symbol>
      <symbol id="sm-1ed">
         <name>__mspabi_slli_2</name>
         <value>0xfaf0</value>
         <object_component_ref idref="oc-7b"/>
      </symbol>
      <symbol id="sm-1ee">
         <name>__mspabi_slli_1</name>
         <value>0xfaf2</value>
         <object_component_ref idref="oc-7b"/>
      </symbol>
      <symbol id="sm-1ef">
         <name>__mspabi_slli_15</name>
         <value>0xfad6</value>
         <object_component_ref idref="oc-7b"/>
      </symbol>
      <symbol id="sm-1f0">
         <name>__mspabi_slli_14</name>
         <value>0xfad8</value>
         <object_component_ref idref="oc-7b"/>
      </symbol>
      <symbol id="sm-1f1">
         <name>__mspabi_slli_13</name>
         <value>0xfada</value>
         <object_component_ref idref="oc-7b"/>
      </symbol>
      <symbol id="sm-1f2">
         <name>__mspabi_slli_12</name>
         <value>0xfadc</value>
         <object_component_ref idref="oc-7b"/>
      </symbol>
      <symbol id="sm-1f3">
         <name>__mspabi_slli_11</name>
         <value>0xfade</value>
         <object_component_ref idref="oc-7b"/>
      </symbol>
      <symbol id="sm-1f4">
         <name>__mspabi_slli_10</name>
         <value>0xfae0</value>
         <object_component_ref idref="oc-7b"/>
      </symbol>
      <symbol id="sm-1fc">
         <name>__mspabi_srli_8</name>
         <value>0xfa34</value>
         <object_component_ref idref="oc-80"/>
      </symbol>
      <symbol id="sm-1fd">
         <name>__mspabi_srli_9</name>
         <value>0xfa30</value>
         <object_component_ref idref="oc-80"/>
      </symbol>
      <symbol id="sm-1fe">
         <name>__mspabi_srli_6</name>
         <value>0xfa3c</value>
         <object_component_ref idref="oc-80"/>
      </symbol>
      <symbol id="sm-1ff">
         <name>__mspabi_srli_7</name>
         <value>0xfa38</value>
         <object_component_ref idref="oc-80"/>
      </symbol>
      <symbol id="sm-200">
         <name>__mspabi_srli_4</name>
         <value>0xfa44</value>
         <object_component_ref idref="oc-80"/>
      </symbol>
      <symbol id="sm-201">
         <name>__mspabi_srli_5</name>
         <value>0xfa40</value>
         <object_component_ref idref="oc-80"/>
      </symbol>
      <symbol id="sm-202">
         <name>__mspabi_srli_2</name>
         <value>0xfa4c</value>
         <object_component_ref idref="oc-80"/>
      </symbol>
      <symbol id="sm-203">
         <name>__mspabi_srli_3</name>
         <value>0xfa48</value>
         <object_component_ref idref="oc-80"/>
      </symbol>
      <symbol id="sm-204">
         <name>__mspabi_srli_1</name>
         <value>0xfa50</value>
         <object_component_ref idref="oc-80"/>
      </symbol>
      <symbol id="sm-205">
         <name>__mspabi_srli</name>
         <value>0xfa0a</value>
         <object_component_ref idref="oc-80"/>
      </symbol>
      <symbol id="sm-206">
         <name>__mspabi_srli_15</name>
         <value>0xfa18</value>
         <object_component_ref idref="oc-80"/>
      </symbol>
      <symbol id="sm-207">
         <name>__mspabi_srli_14</name>
         <value>0xfa1c</value>
         <object_component_ref idref="oc-80"/>
      </symbol>
      <symbol id="sm-208">
         <name>__mspabi_srli_13</name>
         <value>0xfa20</value>
         <object_component_ref idref="oc-80"/>
      </symbol>
      <symbol id="sm-209">
         <name>__mspabi_srli_12</name>
         <value>0xfa24</value>
         <object_component_ref idref="oc-80"/>
      </symbol>
      <symbol id="sm-20a">
         <name>__mspabi_srli_11</name>
         <value>0xfa28</value>
         <object_component_ref idref="oc-80"/>
      </symbol>
      <symbol id="sm-20b">
         <name>__mspabi_srli_10</name>
         <value>0xfa2c</value>
         <object_component_ref idref="oc-80"/>
      </symbol>
   </symbol_table>
   <title>Link successful</title>
</link_info>
